Microchip MPLAB XC8 Compiler V2.45

Linker command line:

-W-3 \
  --edf=C:\Program Files (x86)\Microchip\xc8\v2.45\pic\dat\20230818022343_en.msgs \
  -cn -h+dist/default/production\MASTER.X.production.sym \
  --cmf=dist/default/production\MASTER.X.production.cmf -z -Q18F4620 \
  -oC:\Users\Mohamed\AppData\Local\Temp\xcAsfo.\driver_tmp_3.o \
  --defsym=__MPLAB_BUILD=1 --fixupoverflow=error \
  -Mdist/default/production/MASTER.X.production.map \
  --md=C:\Users\Mohamed\AppData\Local\Temp\xcAsfo.\driver_tmp_0.dat -E1 \
  -ver=XC8 Compiler --acfsm=1493 -ACODE=00h-0FFFFh -ACONST=00h-0FFFFh \
  -ASMALLCONST=01000h-010FFhx240 -AMEDIUMCONST=01000h-0FFFFh \
  -ACOMRAM=01h-07Fh -AABS1=00h-0F7Fh -ABIGRAM=01h-0F7Fh \
  -ARAM=080h-0FFh,0100h-01FFhx14,0F00h-0F7Fh -ABANK0=080h-0FFh \
  -ABANK1=0100h-01FFh -ABANK2=0200h-02FFh -ABANK3=0300h-03FFh \
  -ABANK4=0400h-04FFh -ABANK5=0500h-05FFh -ABANK6=0600h-06FFh \
  -ABANK7=0700h-07FFh -ABANK8=0800h-08FFh -ABANK9=0900h-09FFh \
  -ABANK10=0A00h-0AFFh -ABANK11=0B00h-0BFFh -ABANK12=0C00h-0CFFh \
  -ABANK13=0D00h-0DFFh -ABANK14=0E00h-0EFFh -ABANK15=0F00h-0F7Fh \
  -ASFR=0F80h-0FFFh -ABIGSFR=0F80h-0FFFh -ACONFIG=0300000h-030000Dh \
  -AIDLOC=0200000h-0200007h -AEEDATA=0F00000h-0F003FFh -peeprom_data=EEDATA \
  -preset_vec=00h,intcode=08h,intcodelo,powerup,init -pramtop=01000h \
  -psmallconst=SMALLCONST -pmediumconst=MEDIUMCONST -pconst=CONST \
  -AFARRAM=00h-00h \
  -prdata=COMRAM,nvrram=COMRAM,nvbit=COMRAM,rbss=COMRAM,rbit=COMRAM \
  -pfarbss=FARRAM,fardata=FARRAM,nvFARRAM=FARRAM \
  -pintsave_regs=BIGRAM,bigbss=BIGRAM,bigdata=BIGRAM -pbss=RAM \
  -pidata=CODE,irdata=CODE,ibigdata=CODE,ifardata=CODE -prparam=COMRAM \
  C:\Users\Mohamed\AppData\Local\Temp\xcAsfo.\driver_tmp_9.o \
  dist/default/production\MASTER.X.production.o 

Object code version is 3.11

Machine type is 18F4620



                Name                               Link     Load   Length Selector   Space Scale
C:\Users\Mohamed\AppData\Local\Temp\xcAsfo.\driver_tmp_9.o
                config                           300000   300000        E        0       4
                init                                  E        E        4        4       0
                reset_vec                             0        0        4        0       0
dist/default/production\MASTER.X.production.o
                intcode                               8        8        6        4       0
                config                           300000   300000        E        0       4
                temp                                 7C       7C        1        1       1
                mediumconst                        FEDC     FEDC      124     7F6E       0
                text37                             156E     156E        2      A99       0
                text36                             156A     156A        4      A99       0
                text35                             1566     1566        4      A99       0
                text34                             1562     1562        4      A99       0
                intcode_body                        DA2      DA2       86        4       0
                text32                              968      968      110        4       0
                text31                             12AE     12AE       50        4       0
                text30                             14EA     14EA       26        4       0
                text29                             11AE     11AE       58        4       0
                text28                             1156     1156       58        4       0
                text27                             103A     103A       60        4       0
                text26                              F76      F76       64        4       0
                text25                              EA6      EA6       6A        4       0
                text24                             1348     1348       4A        4       0
                text23                             145A     145A       34        4       0
                text22                             1392     1392       48        4       0
                text21                             148E     148E       32        4       0
                text20                             10F8     10F8       5E        4       0
                text19                              CFE      CFE       A4        4       0
                text18                              A78      A78       E2        4       0
                text17                             141E     141E       3C        4       0
                text16                              2FA      2FA      2E8        4       0
                text15                             12FE     12FE       4A        4       0
                text14                               12       12      2E8        4       0
                text13                              C38      C38       C6        4       0
                text12                             13DA     13DA       44        4       0
                text11                              712      712      130        4       0
                text10                              5E2      5E2      130        4       0
                text9                               E28      E28       7E        4       0
                text8                              125C     125C       52        4       0
                text7                               842      842      126        4       0
                text6                              109A     109A       5E        4       0
                text5                               FDA      FDA       60        4       0
                text4                               B5A      B5A       DE        4       0
                text3                               F10      F10       66        4       0
                text2                              14C0     14C0       2A        4       0
                text1                              155C     155C        6      A99       0
                text0                              1532     1532       18      A99       0
                cstackCOMRAM                         32       32       29        1       1
                dataBANK0                            80       80       12       80       1
                dataCOMRAM                           5B       5B       21        1       1
                bssCOMRAM                             1        1       31        1       1
                cinit                              1206     1206       56        4       0
                idataBANK0                         154A     154A       12      A99       0
                idataCOMRAM                        1510     1510       21        4       0

TOTAL           Name                               Link     Load   Length     Space
        CLASS   CODE           
                intcode                               8        8        6         0
                init                                  E        E        4         0
                reset_vec                             0        0        4         0
                text37                             156E     156E        2         0
                text36                             156A     156A        4         0
                text35                             1566     1566        4         0
                text34                             1562     1562        4         0
                intcode_body                        DA2      DA2       86         0
                text32                              968      968      110         0
                text31                             12AE     12AE       50         0
                text30                             14EA     14EA       26         0
                text29                             11AE     11AE       58         0
                text28                             1156     1156       58         0
                text27                             103A     103A       60         0
                text26                              F76      F76       64         0
                text25                              EA6      EA6       6A         0
                text24                             1348     1348       4A         0
                text23                             145A     145A       34         0
                text22                             1392     1392       48         0
                text21                             148E     148E       32         0
                text20                             10F8     10F8       5E         0
                text19                              CFE      CFE       A4         0
                text18                              A78      A78       E2         0
                text17                             141E     141E       3C         0
                text16                              2FA      2FA      2E8         0
                text15                             12FE     12FE       4A         0
                text14                               12       12      2E8         0
                text13                              C38      C38       C6         0
                text12                             13DA     13DA       44         0
                text11                              712      712      130         0
                text10                              5E2      5E2      130         0
                text9                               E28      E28       7E         0
                text8                              125C     125C       52         0
                text7                               842      842      126         0
                text6                              109A     109A       5E         0
                text5                               FDA      FDA       60         0
                text4                               B5A      B5A       DE         0
                text3                               F10      F10       66         0
                text2                              14C0     14C0       2A         0
                text1                              155C     155C        6         0
                text0                              1532     1532       18         0
                cinit                              1206     1206       56         0
                idataBANK0                         154A     154A       12         0
                idataCOMRAM                        1510     1510       21         0

        CLASS   CONST          

        CLASS   SMALLCONST     

        CLASS   MEDIUMCONST    
                mediumconst                        FEDC     FEDC      124         0

        CLASS   COMRAM         
                temp                                 7C       7C        1         1
                cstackCOMRAM                         32       32       29         1
                dataCOMRAM                           5B       5B       21         1
                bssCOMRAM                             1        1       31         1

        CLASS   ABS1           

        CLASS   BIGRAM         

        CLASS   RAM            

        CLASS   BANK0          
                dataBANK0                            80       80       12         1

        CLASS   BANK1          

        CLASS   BANK2          

        CLASS   BANK3          

        CLASS   BANK4          

        CLASS   BANK5          

        CLASS   BANK6          

        CLASS   BANK7          

        CLASS   BANK8          

        CLASS   BANK9          

        CLASS   BANK10         

        CLASS   BANK11         

        CLASS   BANK12         

        CLASS   BANK13         

        CLASS   BANK14         

        CLASS   BANK15         

        CLASS   SFR            

        CLASS   BIGSFR         

        CLASS   CONFIG         
                config                           300000   300000        E         4

        CLASS   IDLOC          

        CLASS   EEDATA         

        CLASS   FARRAM         

        CLASS   HEAP           

        CLASS   STACK          



SEGMENTS        Name                           Load    Length   Top    Selector   Space  Class

                reset_vec                      000000  000004  000004         0       0  CODE    
                bssCOMRAM                      000001  00007C  00007D         1       1  COMRAM  
                intcode                        000008  001529  001531         4       0  CODE    
                dataBANK0                      000080  000012  000092        80       1  BANK0   
                text0                          001532  00003E  001570       A99       0  CODE    
                mediumconst                    00FEDC  000124  010000      7F6E       0  MEDIUMCO


UNUSED ADDRESS RANGES

        Name                Unused          Largest block    Delta
        BANK0            000092-0000FF               6E
        BANK1            000100-0001FF              100
        BANK10           000A00-000AFF              100
        BANK11           000B00-000BFF              100
        BANK12           000C00-000CFF              100
        BANK13           000D00-000DFF              100
        BANK14           000E00-000EFF              100
        BANK15           000F00-000F7F               80
        BANK2            000200-0002FF              100
        BANK3            000300-0003FF              100
        BANK4            000400-0004FF              100
        BANK5            000500-0005FF              100
        BANK6            000600-0006FF              100
        BANK7            000700-0007FF              100
        BANK8            000800-0008FF              100
        BANK9            000900-0009FF              100
        BIGRAM           00007D-00007F                3
                         000092-000F7F              EEE
        BIGSFR           000F80-000FFF               80
        CODE             000004-000007                4
                         001531-001531                1
                         001570-00FEDB             E96C
        COMRAM           00007D-00007F                3
        CONST            000004-000007                4
                         001531-001531                1
                         001570-00FEDB             E96C
        EEDATA           F00000-F003FF              400
        IDLOC            200000-200007                8
        MEDIUMCONST      001531-001531                1
                         001570-00FEDB             E96C
        RAM              000092-000F7F              100
        SFR              000F80-000FFF               80
        SMALLCONST       001531-001531                1
                         001570-00FEDB              100

                                  Symbol Table

AdminLogin@LoginPass                        cstackCOMRAM 00004F
AdminLogin@ShutDownValue                    cstackCOMRAM 000053
AdminLogin@i                                cstackCOMRAM 000055
AdminLogin@i_3460                           cstackCOMRAM 000056
AdminLogin@password                         cstackCOMRAM 00004B
AdminLogin@tryAgain                         cstackCOMRAM 000054
AdminLogin@value                            cstackCOMRAM 000057
AdminPassword@i                             cstackCOMRAM 00004C
AdminPassword@value                         cstackCOMRAM 00004B
CCP_CaptureMode_Read_Value@F3124            bssCOMRAM    00002B
EEPROM_Data_Read@Add                        cstackCOMRAM 000032
EEPROM_Data_Read@Data                       cstackCOMRAM 000034
EEPROM_Data_Write@Add                       cstackCOMRAM 000032
EEPROM_Data_Write@Data                      cstackCOMRAM 000034
EEPROM_Data_Write@Interrupt_Global_Status   cstackCOMRAM 000035
GuestLogin@LoginPass                        cstackCOMRAM 00004F
GuestLogin@ShutDownValue                    cstackCOMRAM 000053
GuestLogin@i                                cstackCOMRAM 000055
GuestLogin@i_3478                           cstackCOMRAM 000056
GuestLogin@password                         cstackCOMRAM 00004B
GuestLogin@tryAgain                         cstackCOMRAM 000054
GuestLogin@value                            cstackCOMRAM 000057
GuestPassword@i                             cstackCOMRAM 00004C
GuestPassword@value                         cstackCOMRAM 00004B
SelectAdminOrGuest@value                    cstackCOMRAM 00005A
SetPassword@value                           cstackCOMRAM 00004D
StringCompare@Length                        cstackCOMRAM 000034
StringCompare@i                             cstackCOMRAM 000037
StringCompare@str1                          cstackCOMRAM 000032
StringCompare@str2                          cstackCOMRAM 000033
_ADCON0bits                                 (abs)        000FC2
_ADCON1bits                                 (abs)        000FC1
_ADCON2bits                                 (abs)        000FC0
_ADRESH                                     (abs)        000FC4
_ADRESL                                     (abs)        000FC3
_AdminControl                               text24       001348
_AdminLed                                   dataCOMRAM   00007B
_AdminLogin                                 text16       0002FA
_AdminPassword                              text11       000712
_Alarm                                      dataCOMRAM   000079
_BAUDCONbits                                (abs)        000FB8
_CCP1CONbits                                (abs)        000FBD
_CCP2CONbits                                (abs)        000FBA
_CCPR1H                                     (abs)        000FBF
_CCPR1L                                     (abs)        000FBE
_CCPR2H                                     (abs)        000FBC
_CCPR2L                                     (abs)        000FBB
_EEADR                                      (abs)        000FA9
_EEADRH                                     (abs)        000FAA
_EECON1bits                                 (abs)        000FA6
_EECON2                                     (abs)        000FA7
_EEDATA                                     (abs)        000FA8
_EEPROM_Data_Read                           text23       00145A
_EEPROM_Data_Write                          text12       0013DA
_EUSART_FramingErr_InterruptHandler         bssCOMRAM    000001
_EUSART_OverrunErr_InterruptHandler         bssCOMRAM    000003
_EUSART_RX_ISR                              text37       00156E
_EUSART_RX_InterruptHandler                 bssCOMRAM    000005
_EUSART_TX_ISR                              text36       00156A
_EUSART_TX_InterruptHandler                 bssCOMRAM    000007
_GuestControl                               text15       0012FE
_GuestLed                                   dataCOMRAM   00007A
_GuestLogin                                 text14       000012
_GuestPassword                              text10       0005E2
_INT0_Call_Back_fun                         bssCOMRAM    000023
_INT1_Call_Back_fun                         bssCOMRAM    000021
_INT2_Call_Back_fun                         bssCOMRAM    00001F
_INTCONbits                                 (abs)        000FF2
_Interrupt_Manager                          intcode      000008
_LATA                                       (abs)        000F89
_LATB                                       (abs)        000F8A
_LATC                                       (abs)        000F8B
_LATCbits                                   (abs)        000F8B
_LATD                                       (abs)        000F8C
_LATE                                       (abs)        000F8D
_LCD_1                                      dataCOMRAM   000073
_MSSP_I2C_BUS_Colision                      text35       001566
_MSSP_I2C_ISR                               text34       001562
_MSSP_I2C_InterruptHandler                  bssCOMRAM    000029
_MSSP_I2C_Recieve_OverFlow_InterruptHandler bssCOMRAM    000027
_MSSP_I2C_collision_IntrruptHandler         bssCOMRAM    000025
_PIE1bits                                   (abs)        000F9D
_PIE2bits                                   (abs)        000FA0
_PIR1bits                                   (abs)        000F9E
_PIR2bits                                   (abs)        000FA1
_PORTA                                      (abs)        000F80
_PORTB                                      (abs)        000F81
_PORTC                                      (abs)        000F82
_PORTD                                      (abs)        000F83
_PORTE                                      (abs)        000F84
_PR2                                        (abs)        000FCB
_RB4_Call_Back_fun_HIGH                     bssCOMRAM    00001D
_RB4_Call_Back_fun_LOW                      bssCOMRAM    00001B
_RB4_Flag                                   dataCOMRAM   000072
_RB5_Call_Back_fun_HIGH                     bssCOMRAM    000019
_RB5_Call_Back_fun_LOW                      bssCOMRAM    000017
_RB5_Flag                                   dataCOMRAM   000071
_RB6_Call_Back_fun_HIGH                     bssCOMRAM    000015
_RB6_Call_Back_fun_LOW                      bssCOMRAM    000013
_RB6_Flag                                   dataCOMRAM   000070
_RB7_Call_Back_fun_HIGH                     bssCOMRAM    000011
_RB7_Call_Back_fun_LOW                      bssCOMRAM    00000F
_RB7_Flag                                   dataCOMRAM   00006F
_RCREG                                      (abs)        000FAE
_RCSTAbits                                  (abs)        000FAB
_SPBRG                                      (abs)        000FAF
_SPBRGH                                     (abs)        000FB0
_SSPADD                                     (abs)        000FC8
_SSPBUF                                     (abs)        000FC9
_SSPCON1bits                                (abs)        000FC6
_SSPCON2bits                                (abs)        000FC5
_SSPSTATbits                                (abs)        000FC7
_SelectAdminOrGuest                         text13       000C38
_SetPassword                                text9        000E28
_StringCompare                              text22       001392
_SystemShutDown                             text21       00148E
_T0CONbits                                  (abs)        000FD5
_T1CONbits                                  (abs)        000FCD
_T2CONbits                                  (abs)        000FCA
_T3CONbits                                  (abs)        000FB1
_TMR0H                                      (abs)        000FD7
_TMR0L                                      (abs)        000FD6
_TMR1H                                      (abs)        000FCF
_TMR1L                                      (abs)        000FCE
_TMR2                                       (abs)        000FCC
_TMR3H                                      (abs)        000FB3
_TMR3L                                      (abs)        000FB2
_TRISA                                      (abs)        000F92
_TRISAbits                                  (abs)        000F92
_TRISB                                      (abs)        000F93
_TRISC                                      (abs)        000F94
_TRISCbits                                  (abs)        000F94
_TRISD                                      (abs)        000F95
_TRISE                                      (abs)        000F96
_TXREG                                      (abs)        000FAD
_TXSTAbits                                  (abs)        000FAC
_Timer0_Preload                             bssCOMRAM    00000D
_Timer1_Preload                             bssCOMRAM    00000B
_Timer2_Preload                             bssCOMRAM    00002D
_Timer3_Preload                             bssCOMRAM    000009
_Welcome                                    text8        00125C
__HRAM                                      (abs)        000000
__H__absolute__                             __absolute__ 000000
__Habs1                                     abs1         000000
__Hbank0                                    bank0        000000
__Hbank1                                    bank1        000000
__Hbank10                                   bank10       000000
__Hbank11                                   bank11       000000
__Hbank12                                   bank12       000000
__Hbank13                                   bank13       000000
__Hbank14                                   bank14       000000
__Hbank15                                   bank15       000000
__Hbank2                                    bank2        000000
__Hbank3                                    bank3        000000
__Hbank4                                    bank4        000000
__Hbank5                                    bank5        000000
__Hbank6                                    bank6        000000
__Hbank7                                    bank7        000000
__Hbank8                                    bank8        000000
__Hbank9                                    bank9        000000
__Hbigbss                                   bigbss       000000
__Hbigdata                                  bigdata      000000
__Hbigram                                   bigram       000000
__Hbigsfr                                   bigsfr       000000
__Hbss                                      bss          000000
__HbssCOMRAM                                bssCOMRAM    000000
__Hcinit                                    cinit        000000
__Hclrtext                                  clrtext      000000
__Hcomram                                   comram       000000
__Hconfig                                   config       30000E
__Hconst                                    const        000000
__HcstackCOMRAM                             cstackCOMRAM 000000
__Hdata                                     data         000000
__HdataBANK0                                dataBANK0    000000
__HdataCOMRAM                               dataCOMRAM   000000
__Heeprom_data                              eeprom_data  000000
__Hfarbss                                   farbss       000000
__Hfardata                                  fardata      000000
__Hheap                                     heap         000000
__Hibigdata                                 ibigdata     000000
__Hidata                                    idata        000000
__HidataBANK0                               idataBANK0   000000
__HidataCOMRAM                              idataCOMRAM  000000
__Hidloc                                    idloc        000000
__Hifardata                                 ifardata     000000
__Hinit                                     init         000012
__Hintcode                                  intcode      00000E
__Hintcode_body                             intcode_body 000000
__Hintcodelo                                intcodelo    00000E
__Hintentry                                 intentry     000000
__Hintret                                   intret       000000
__Hintsave_regs                             intsave_regs 000000
__Hirdata                                   irdata       000000
__Hmediumconst                              mediumconst  010000
__HnvFARRAM                                 nvFARRAM     000000
__Hnvbit                                    nvbit        000000
__Hnvrram                                   nvrram       000000
__Hparam                                    rparam       000000
__Hpowerup                                  powerup      00000E
__Hram                                      ram          000000
__Hramtop                                   ramtop       001000
__Hrbit                                     rbit         000000
__Hrbss                                     rbss         000000
__Hrdata                                    rdata        000000
__Hreset_vec                                reset_vec    000004
__Hrparam                                   rparam       000000
__Hsfr                                      sfr          000000
__Hsmallconst                               smallconst   000000
__Hspace_0                                  (abs)        010000
__Hspace_1                                  (abs)        000092
__Hspace_2                                  (abs)        000000
__Hspace_4                                  (abs)        60000E
__Hstack                                    stack        000000
__Hstruct                                   struct       000000
__Htemp                                     temp         00007D
__Htext                                     text         000000
__Htext0                                    text0        000000
__Htext1                                    text1        000000
__Htext10                                   text10       000000
__Htext11                                   text11       000000
__Htext12                                   text12       000000
__Htext13                                   text13       000000
__Htext14                                   text14       000000
__Htext15                                   text15       000000
__Htext16                                   text16       000000
__Htext17                                   text17       000000
__Htext18                                   text18       000000
__Htext19                                   text19       000000
__Htext2                                    text2        000000
__Htext20                                   text20       000000
__Htext21                                   text21       000000
__Htext22                                   text22       000000
__Htext23                                   text23       000000
__Htext24                                   text24       000000
__Htext25                                   text25       000000
__Htext26                                   text26       000000
__Htext27                                   text27       000000
__Htext28                                   text28       000000
__Htext29                                   text29       000000
__Htext3                                    text3        000000
__Htext30                                   text30       000000
__Htext31                                   text31       000000
__Htext32                                   text32       000000
__Htext34                                   text34       000000
__Htext35                                   text35       000000
__Htext36                                   text36       000000
__Htext37                                   text37       000000
__Htext4                                    text4        000000
__Htext5                                    text5        000000
__Htext6                                    text6        000000
__Htext7                                    text7        000000
__Htext8                                    text8        000000
__Htext9                                    text9        000000
__LRAM                                      (abs)        000001
__L__absolute__                             __absolute__ 000000
__Labs1                                     abs1         000000
__Lbank0                                    bank0        000000
__Lbank1                                    bank1        000000
__Lbank10                                   bank10       000000
__Lbank11                                   bank11       000000
__Lbank12                                   bank12       000000
__Lbank13                                   bank13       000000
__Lbank14                                   bank14       000000
__Lbank15                                   bank15       000000
__Lbank2                                    bank2        000000
__Lbank3                                    bank3        000000
__Lbank4                                    bank4        000000
__Lbank5                                    bank5        000000
__Lbank6                                    bank6        000000
__Lbank7                                    bank7        000000
__Lbank8                                    bank8        000000
__Lbank9                                    bank9        000000
__Lbigbss                                   bigbss       000000
__Lbigdata                                  bigdata      000000
__Lbigram                                   bigram       000000
__Lbigsfr                                   bigsfr       000000
__Lbss                                      bss          000000
__LbssCOMRAM                                bssCOMRAM    000000
__Lcinit                                    cinit        000000
__Lclrtext                                  clrtext      000000
__Lcomram                                   comram       000000
__Lconfig                                   config       000000
__Lconst                                    const        000000
__LcstackCOMRAM                             cstackCOMRAM 000000
__Ldata                                     data         000000
__LdataBANK0                                dataBANK0    000000
__LdataCOMRAM                               dataCOMRAM   000000
__Leeprom_data                              eeprom_data  000000
__Lfarbss                                   farbss       000000
__Lfardata                                  fardata      000000
__Lheap                                     heap         000000
__Libigdata                                 ibigdata     000000
__Lidata                                    idata        000000
__LidataBANK0                               idataBANK0   000000
__LidataCOMRAM                              idataCOMRAM  000000
__Lidloc                                    idloc        000000
__Lifardata                                 ifardata     000000
__Linit                                     init         00000E
__Lintcode                                  intcode      000008
__Lintcode_body                             intcode_body 000000
__Lintcodelo                                intcodelo    00000E
__Lintentry                                 intentry     000000
__Lintret                                   intret       000000
__Lintsave_regs                             intsave_regs 000000
__Lirdata                                   irdata       000000
__Lmediumconst                              mediumconst  00FEDC
__LnvFARRAM                                 nvFARRAM     000000
__Lnvbit                                    nvbit        000000
__Lnvrram                                   nvrram       000000
__Lparam                                    rparam       000000
__Lpowerup                                  powerup      00000E
__Lram                                      ram          000000
__Lramtop                                   ramtop       001000
__Lrbit                                     rbit         000000
__Lrbss                                     rbss         000000
__Lrdata                                    rdata        000000
__Lreset_vec                                reset_vec    000000
__Lrparam                                   rparam       000000
__Lsfr                                      sfr          000000
__Lsmallconst                               smallconst   000000
__Lspace_0                                  (abs)        000000
__Lspace_1                                  (abs)        000000
__Lspace_2                                  (abs)        000000
__Lspace_4                                  (abs)        000000
__Lstack                                    stack        000000
__Lstruct                                   struct       000000
__Ltemp                                     temp         00007C
__Ltext                                     text         000000
__Ltext0                                    text0        000000
__Ltext1                                    text1        000000
__Ltext10                                   text10       000000
__Ltext11                                   text11       000000
__Ltext12                                   text12       000000
__Ltext13                                   text13       000000
__Ltext14                                   text14       000000
__Ltext15                                   text15       000000
__Ltext16                                   text16       000000
__Ltext17                                   text17       000000
__Ltext18                                   text18       000000
__Ltext19                                   text19       000000
__Ltext2                                    text2        000000
__Ltext20                                   text20       000000
__Ltext21                                   text21       000000
__Ltext22                                   text22       000000
__Ltext23                                   text23       000000
__Ltext24                                   text24       000000
__Ltext25                                   text25       000000
__Ltext26                                   text26       000000
__Ltext27                                   text27       000000
__Ltext28                                   text28       000000
__Ltext29                                   text29       000000
__Ltext3                                    text3        000000
__Ltext30                                   text30       000000
__Ltext31                                   text31       000000
__Ltext32                                   text32       000000
__Ltext34                                   text34       000000
__Ltext35                                   text35       000000
__Ltext36                                   text36       000000
__Ltext37                                   text37       000000
__Ltext4                                    text4        000000
__Ltext5                                    text5        000000
__Ltext6                                    text6        000000
__Ltext7                                    text7        000000
__Ltext8                                    text8        000000
__Ltext9                                    text9        000000
__S0                                        (abs)        010000
__S1                                        (abs)        000092
__S4                                        (abs)        000000
__S5                                        (abs)        000000
___heap_hi                                  (abs)        000000
___heap_lo                                  (abs)        000000
___inthi_sp                                 stack        000000
___inthi_stack_hi                           stack        000000
___inthi_stack_lo                           stack        000000
___intlo_sp                                 stack        000000
___intlo_stack_hi                           stack        000000
___intlo_stack_lo                           stack        000000
___param_bank                               (abs)        000000
___rparam_used                              (abs)        000001
___sp                                       stack        000000
___stack_hi                                 stack        000000
___stack_lo                                 stack        000000
__accesstop                                 (abs)        000080
__activetblptr                              (abs)        000003
__end_of_AdminControl                       text24       001392
__end_of_AdminLogin                         text16       0005E2
__end_of_AdminPassword                      text11       000842
__end_of_EEPROM_Data_Read                   text23       00148E
__end_of_EEPROM_Data_Write                  text12       00141E
__end_of_EUSART_RX_ISR                      text37       001570
__end_of_EUSART_TX_ISR                      text36       00156E
__end_of_GuestControl                       text15       001348
__end_of_GuestLogin                         text14       0002FA
__end_of_GuestPassword                      text10       000712
__end_of_Interrupt_Manager                  intcode_body 000E28
__end_of_MSSP_I2C_BUS_Colision              text35       00156A
__end_of_MSSP_I2C_ISR                       text34       001566
__end_of_SelectAdminOrGuest                 text13       000CFE
__end_of_SetPassword                        text9        000EA6
__end_of_StringCompare                      text22       0013DA
__end_of_SystemShutDown                     text21       0014C0
__end_of_Welcome                            text8        0012AE
__end_of__initialization                    cinit        001252
__end_of_application_initialize             text1        001562
__end_of_btn_keypad                         mediumconst  00FEED
__end_of_delay_ms                           text20       001156
__end_of_ecu_layer_intialize                text2        0014EA
__end_of_gpio_pin_direction_intialize       text7        000968
__end_of_gpio_pin_intialize                 text6        0010F8
__end_of_gpio_pin_read_logic                text19       000DA2
__end_of_gpio_pin_write_logic               text32       000A78
__end_of_keypad_get_value                   text18       000B5A
__end_of_keypad_intialize                   text5        00103A
__end_of_lcd_4bit_intialize                 text4        000C38
__end_of_lcd_4bit_send_char_data            text29       001206
__end_of_lcd_4bit_send_char_data_pos        text17       00145A
__end_of_lcd_4bit_send_command              text28       0011AE
__end_of_lcd_4bit_send_string_pos           text26       000FDA
__end_of_lcd_4bit_set_pos                   text27       00109A
__end_of_lcd_send_4bit                      text31       0012FE
__end_of_lcd_send_enable                    text30       001510
__end_of_led_initialize                     text3        000F76
__end_of_led_turn_on                        text25       000F10
__end_of_main                               text0        00154A
__initialization                            cinit        001206
__mediumconst                               mediumconst  00FEDC
__pbssCOMRAM                                bssCOMRAM    000001
__pcinit                                    cinit        001206
__pcstackCOMRAM                             cstackCOMRAM 000032
__pdataBANK0                                dataBANK0    000080
__pdataCOMRAM                               dataCOMRAM   00005B
__pidataBANK0                               idataBANK0   00154A
__pidataCOMRAM                              idataCOMRAM  001510
__pintcode                                  intcode      000008
__pintcode_body                             intcode_body 000DA2
__pmediumconst                              mediumconst  00FEDC
__ptext0                                    text0        001532
__ptext1                                    text1        00155C
__ptext10                                   text10       0005E2
__ptext11                                   text11       000712
__ptext12                                   text12       0013DA
__ptext13                                   text13       000C38
__ptext14                                   text14       000012
__ptext15                                   text15       0012FE
__ptext16                                   text16       0002FA
__ptext17                                   text17       00141E
__ptext18                                   text18       000A78
__ptext19                                   text19       000CFE
__ptext2                                    text2        0014C0
__ptext20                                   text20       0010F8
__ptext21                                   text21       00148E
__ptext22                                   text22       001392
__ptext23                                   text23       00145A
__ptext24                                   text24       001348
__ptext25                                   text25       000EA6
__ptext26                                   text26       000F76
__ptext27                                   text27       00103A
__ptext28                                   text28       001156
__ptext29                                   text29       0011AE
__ptext3                                    text3        000F10
__ptext30                                   text30       0014EA
__ptext31                                   text31       0012AE
__ptext32                                   text32       000968
__ptext34                                   text34       001562
__ptext35                                   text35       001566
__ptext36                                   text36       00156A
__ptext37                                   text37       00156E
__ptext4                                    text4        000B5A
__ptext5                                    text5        000FDA
__ptext6                                    text6        00109A
__ptext7                                    text7        000842
__ptext8                                    text8        00125C
__ptext9                                    text9        000E28
__ramtop                                    ramtop       001000
__smallconst                                smallconst   000000
_application_initialize                     text1        00155C
_btn_keypad                                 mediumconst  00FEDD
_delay_ms                                   text20       0010F8
_ecu_layer_intialize                        text2        0014C0
_gpio_pin_direction_intialize               text7        000842
_gpio_pin_intialize                         text6        00109A
_gpio_pin_read_logic                        text19       000CFE
_gpio_pin_write_logic                       text32       000968
_keypad_1                                   dataBANK0    00008A
_keypad_get_value                           text18       000A78
_keypad_intialize                           text5        000FDA
_lat_register                               dataCOMRAM   00005B
_lcd_4bit_intialize                         text4        000B5A
_lcd_4bit_send_char_data                    text29       0011AE
_lcd_4bit_send_char_data_pos                text17       00141E
_lcd_4bit_send_command                      text28       001156
_lcd_4bit_send_string_pos                   text26       000F76
_lcd_4bit_set_pos                           text27       00103A
_lcd_send_4bit                              text31       0012AE
_lcd_send_enable                            text30       0014EA
_led_initialize                             text3        000F10
_led_turn_on                                text25       000EA6
_main                                       text0        001532
_port_register                              dataBANK0    000080
_tris_register                              dataCOMRAM   000065
btemp                                       temp         00007C
delay_ms@i                                  cstackCOMRAM 00003A
delay_ms@j                                  cstackCOMRAM 00003C
delay_ms@val                                cstackCOMRAM 000032
end_of_initialization                       cinit        001252
gpio_pin_direction_intialize@_pin_config    cstackCOMRAM 000032
gpio_pin_direction_intialize@status         cstackCOMRAM 000038
gpio_pin_intialize@_pin_config              cstackCOMRAM 00003A
gpio_pin_intialize@status                   cstackCOMRAM 00003C
gpio_pin_read_logic@_pin_config             cstackCOMRAM 000032
gpio_pin_read_logic@logic                   cstackCOMRAM 000033
gpio_pin_read_logic@status                  cstackCOMRAM 000038
gpio_pin_write_logic@_pin_config            cstackCOMRAM 000032
gpio_pin_write_logic@logic                  cstackCOMRAM 000033
gpio_pin_write_logic@status                 cstackCOMRAM 000039
int$flags                                   temp         00007C
int_func                                    intcode_body 000DA2
intlevel0                                   text         000000
intlevel1                                   text         000000
intlevel2                                   text         000000
intlevel3                                   text         000000
isa$std                                     (abs)        000001
isa$xinst                                   (abs)        000000
keypad_get_value@_keypad                    cstackCOMRAM 00003A
keypad_get_value@c_logic                    cstackCOMRAM 00003E
keypad_get_value@l_columns_counter          cstackCOMRAM 000041
keypad_get_value@l_counter                  cstackCOMRAM 00003F
keypad_get_value@l_rows_counter             cstackCOMRAM 000040
keypad_get_value@value                      cstackCOMRAM 00003B
keypad_intialize@_keypad                    cstackCOMRAM 00003D
keypad_intialize@l_columns_counter          cstackCOMRAM 00003F
keypad_intialize@l_rows_counter             cstackCOMRAM 00003E
lcd_4bit_intialize@_lcd                     cstackCOMRAM 000040
lcd_4bit_intialize@data_counter             cstackCOMRAM 000043
lcd_4bit_intialize@status                   cstackCOMRAM 000042
lcd_4bit_send_char_data@_lcd                cstackCOMRAM 00003D
lcd_4bit_send_char_data@data                cstackCOMRAM 00003E
lcd_4bit_send_char_data@status              cstackCOMRAM 00003F
lcd_4bit_send_char_data_pos@_lcd            cstackCOMRAM 000046
lcd_4bit_send_char_data_pos@column          cstackCOMRAM 000048
lcd_4bit_send_char_data_pos@data            cstackCOMRAM 000049
lcd_4bit_send_char_data_pos@row             cstackCOMRAM 000047
lcd_4bit_send_char_data_pos@status          cstackCOMRAM 00004A
lcd_4bit_send_command@_lcd                  cstackCOMRAM 00003D
lcd_4bit_send_command@command               cstackCOMRAM 00003E
lcd_4bit_send_command@status                cstackCOMRAM 00003F
lcd_4bit_send_string_pos@_lcd               cstackCOMRAM 000046
lcd_4bit_send_string_pos@column             cstackCOMRAM 000048
lcd_4bit_send_string_pos@row                cstackCOMRAM 000047
lcd_4bit_send_string_pos@str                cstackCOMRAM 000049
lcd_4bit_set_pos@_lcd                       cstackCOMRAM 000040
lcd_4bit_set_pos@column                     cstackCOMRAM 000042
lcd_4bit_set_pos@row                        cstackCOMRAM 000041
lcd_4bit_set_pos@status                     cstackCOMRAM 000045
lcd_send_4bit@_lcd                          cstackCOMRAM 00003A
lcd_send_4bit@data_command                  cstackCOMRAM 00003B
lcd_send_4bit@status                        cstackCOMRAM 00003C
lcd_send_enable@_lcd                        cstackCOMRAM 00003A
lcd_send_enable@status                      cstackCOMRAM 00003B
led_initialize@F3059                        bssCOMRAM    000031
led_initialize@led                          cstackCOMRAM 00003D
led_initialize@pin_obj                      cstackCOMRAM 00003F
led_turn_off@F3069                          bssCOMRAM    00002F
led_turn_on@F3064                           bssCOMRAM    000030
led_turn_on@led                             cstackCOMRAM 00003A
led_turn_on@pin_obj                         cstackCOMRAM 00003C
led_turn_toggle@F3074                       bssCOMRAM    00002E
stackhi                                     (abs)        000000
stacklo                                     (abs)        000000
start                                       init         00000E
start_initialization                        cinit        001206
ttemp5                                      temp         00007D
ttemp6                                      temp         000080
ttemp7                                      temp         000084
wtemp8                                      temp         00007D


MODULE INFORMATION

Module		Function		Class		Link	Load	Size
ECU_Layer/LCD/ecu_lcd.c
		_lcd_send_4bit 		CODE           	12AE	0000	80
		_lcd_4bit_send_command		CODE           	1156	0000	88
		_lcd_4bit_send_string_pos		CODE           	0F76	0000	100
		_lcd_4bit_send_char_data		CODE           	11AE	0000	88
		_lcd_4bit_intialize		CODE           	0B5A	0000	222
		_lcd_4bit_send_char_data_pos		CODE           	141E	0000	60
		_lcd_send_enable		CODE           	14EA	0000	38
		_lcd_4bit_set_pos		CODE           	103A	0000	96

ECU_Layer/LCD/ecu_lcd.c estimated size: 772

MCAL_Layer/EEPROM/hal_eeprom.c
		_EEPROM_Data_Read		CODE           	145A	0000	52
		_EEPROM_Data_Write		CODE           	13DA	0000	68

MCAL_Layer/EEPROM/hal_eeprom.c estimated size: 120

MCAL_Layer/I2C/hal_i2c.c
		_MSSP_I2C_ISR  		CODE           	1562	0000	4
		_MSSP_I2C_BUS_Colision		CODE           	1566	0000	4

MCAL_Layer/I2C/hal_i2c.c estimated size: 8

shared
		__initialization		CODE           	1206	0000	76
		_btn_keypad    		MEDIUMCONST    	FEDD	0000	16

shared estimated size: 92

MCAL_Layer/Interrupt/mcal_interrupt_manager.c
		_Interrupt_Manager		CODE           	0008	0000	140

MCAL_Layer/Interrupt/mcal_interrupt_manager.c estimated size: 140

MCAL_Layer/GPIO/hal_gpio.c
		_gpio_pin_write_logic		CODE           	0968	0000	272
		_gpio_pin_intialize		CODE           	109A	0000	94
		_gpio_pin_read_logic		CODE           	0CFE	0000	164
		_gpio_pin_direction_intialize		CODE           	0842	0000	294

MCAL_Layer/GPIO/hal_gpio.c estimated size: 824

MCAL_Layer/USART/hal_usart.c
		_EUSART_RX_ISR 		CODE           	156E	0000	2
		_EUSART_TX_ISR 		CODE           	156A	0000	4

MCAL_Layer/USART/hal_usart.c estimated size: 6

ECU_Layer/LED/ecu_led.c
		_led_initialize		CODE           	0F10	0000	102
		_led_turn_on   		CODE           	0EA6	0000	106

ECU_Layer/LED/ecu_led.c estimated size: 208

ECU_Layer/Keypad/keypad.c
		_keypad_get_value		CODE           	0A78	0000	226
		_keypad_intialize		CODE           	0FDA	0000	96

ECU_Layer/Keypad/keypad.c estimated size: 322

ECU_Layer/ecu_layer_init.c
		_delay_ms      		CODE           	10F8	0000	94
		_ecu_layer_intialize		CODE           	14C0	0000	42

ECU_Layer/ecu_layer_init.c estimated size: 136

main.c
		_GuestControl  		CODE           	12FE	0000	74
		_AdminControl  		CODE           	1348	0000	74
		_GuestLogin    		CODE           	0012	0000	744
		_AdminLogin    		CODE           	02FA	0000	744
		_application_initialize		CODE           	155C	0000	6
		_main          		CODE           	1532	0000	24
		_SetPassword   		CODE           	0E28	0000	126
		_Welcome       		CODE           	125C	0000	82
		_SystemShutDown		CODE           	148E	0000	50
		_GuestPassword 		CODE           	05E2	0000	304
		_SelectAdminOrGuest		CODE           	0C38	0000	198
		_AdminPassword 		CODE           	0712	0000	304
		_StringCompare 		CODE           	1392	0000	72

main.c estimated size: 2802

